SQL> set lines 200
SQL> set pages 100
SQL> select to_char(sysdate, 'dd-mm-yyyy hh:mi:ss') from dual;

TO_CHAR(SYSDATE,'DD                                                                                                                                                                                     
-------------------                                                                                                                                                                                     
10-11-2021 08:41:22                                                                                                                                                                                     

SQL> 
SQL> --- incepe sesiune
SQL> insert into login_lab_ubd values( 'Filimon Adrian', '342C2', 'Lab6', user, sysdate, null, null);

1 row created.

SQL> 
SQL> create tablespace ubd_data1 datafile 'd:/ubd_data1.dbf' size 10m extent management local uniform size 128k;

Tablespace created.

SQL> create tablespace ubd_data2 datafile 'd:/ubd_data2.dbf' size 10M;

Tablespace created.

SQL> alter database datafile 'd:/ubd_data1.dbf' autoextend on next 2M;

Database altered.

SQL> alter database datafile 'd:/ubd_data1.dbf' resize 5M;

Database altered.

SQL> alter tablespace ubd_data1 add datafile 'd:/ubd_data11.dbf' size 10M;

Tablespace altered.

SQL> desc dba_tablespaces
 Name                                                                                                              Null?    Type
 ----------------------------------------------------------------------------------------------------------------- -------- ----------------------------------------------------------------------------
 TABLESPACE_NAME                                                                                                   NOT NULL VARCHAR2(30)
 BLOCK_SIZE                                                                                                        NOT NULL NUMBER
 INITIAL_EXTENT                                                                                                             NUMBER
 NEXT_EXTENT                                                                                                                NUMBER
 MIN_EXTENTS                                                                                                       NOT NULL NUMBER
 MAX_EXTENTS                                                                                                                NUMBER
 MAX_SIZE                                                                                                                   NUMBER
 PCT_INCREASE                                                                                                               NUMBER
 MIN_EXTLEN                                                                                                                 NUMBER
 STATUS                                                                                                                     VARCHAR2(9)
 CONTENTS                                                                                                                   VARCHAR2(21)
 LOGGING                                                                                                                    VARCHAR2(9)
 FORCE_LOGGING                                                                                                              VARCHAR2(3)
 EXTENT_MANAGEMENT                                                                                                          VARCHAR2(10)
 ALLOCATION_TYPE                                                                                                            VARCHAR2(9)
 PLUGGED_IN                                                                                                                 VARCHAR2(3)
 SEGMENT_SPACE_MANAGEMENT                                                                                                   VARCHAR2(6)
 DEF_TAB_COMPRESSION                                                                                                        VARCHAR2(8)
 RETENTION                                                                                                                  VARCHAR2(11)
 BIGFILE                                                                                                                    VARCHAR2(3)
 PREDICATE_EVALUATION                                                                                                       VARCHAR2(7)
 ENCRYPTED                                                                                                                  VARCHAR2(3)
 COMPRESS_FOR                                                                                                               VARCHAR2(30)
 DEF_INMEMORY                                                                                                               VARCHAR2(8)
 DEF_INMEMORY_PRIORITY                                                                                                      VARCHAR2(8)
 DEF_INMEMORY_DISTRIBUTE                                                                                                    VARCHAR2(15)
 DEF_INMEMORY_COMPRESSION                                                                                                   VARCHAR2(17)
 DEF_INMEMORY_DUPLICATE                                                                                                     VARCHAR2(13)
 SHARED                                                                                                                     VARCHAR2(13)
 DEF_INDEX_COMPRESSION                                                                                                      VARCHAR2(8)
 INDEX_COMPRESS_FOR                                                                                                         VARCHAR2(13)
 DEF_CELLMEMORY                                                                                                             VARCHAR2(14)
 DEF_INMEMORY_SERVICE                                                                                                       VARCHAR2(12)
 DEF_INMEMORY_SERVICE_NAME                                                                                                  VARCHAR2(1000)
 LOST_WRITE_PROTECT                                                                                                         VARCHAR2(7)
 CHUNK_TABLESPACE                                                                                                           VARCHAR2(1)

SQL> select tablespace_name, block_size,status from dba_tablespaces;

TABLESPACE_NAME                BLOCK_SIZE STATUS                                                                                                                                                        
------------------------------ ---------- ---------                                                                                                                                                     
SYSTEM                               8192 ONLINE                                                                                                                                                        
SYSAUX                               8192 ONLINE                                                                                                                                                        
UNDOTBS1                             8192 ONLINE                                                                                                                                                        
TEMP                                 8192 ONLINE                                                                                                                                                        
USERS                                8192 ONLINE                                                                                                                                                        
BD_DATA                              8192 ONLINE                                                                                                                                                        
BD_TEMP                              8192 ONLINE                                                                                                                                                        
UBD_DATA1                            8192 ONLINE                                                                                                                                                        
UBD_DATA2                            8192 ONLINE                                                                                                                                                        

9 rows selected.

SQL> desc v$tablespace
 Name                                                                                                              Null?    Type
 ----------------------------------------------------------------------------------------------------------------- -------- ----------------------------------------------------------------------------
 TS#                                                                                                                        NUMBER
 NAME                                                                                                                       VARCHAR2(30)
 INCLUDED_IN_DATABASE_BACKUP                                                                                                VARCHAR2(3)
 BIGFILE                                                                                                                    VARCHAR2(3)
 FLASHBACK_ON                                                                                                               VARCHAR2(3)
 ENCRYPT_IN_BACKUP                                                                                                          VARCHAR2(3)
 CON_ID                                                                                                                     NUMBER

SQL> select * from v$tablespace;

       TS# NAME                           INC BIG FLA ENC     CON_ID                                                                                                                                    
---------- ------------------------------ --- --- --- --- ----------                                                                                                                                    
         1 SYSAUX                         YES NO  YES              0                                                                                                                                    
         0 SYSTEM                         YES NO  YES              0                                                                                                                                    
         2 UNDOTBS1                       YES NO  YES              0                                                                                                                                    
         4 USERS                          YES NO  YES              0                                                                                                                                    
         3 TEMP                           NO  NO  YES              0                                                                                                                                    
         6 BD_DATA                        YES NO  YES              0                                                                                                                                    
         7 BD_TEMP                        NO  NO  YES              0                                                                                                                                    
         8 UBD_DATA1                      YES NO  YES              0                                                                                                                                    
         9 UBD_DATA2                      YES NO  YES              0                                                                                                                                    

9 rows selected.

SQL> desc dba_data_files;
 Name                                                                                                              Null?    Type
 ----------------------------------------------------------------------------------------------------------------- -------- ----------------------------------------------------------------------------
 FILE_NAME                                                                                                                  VARCHAR2(513)
 FILE_ID                                                                                                                    NUMBER
 TABLESPACE_NAME                                                                                                            VARCHAR2(30)
 BYTES                                                                                                                      NUMBER
 BLOCKS                                                                                                                     NUMBER
 STATUS                                                                                                                     VARCHAR2(9)
 RELATIVE_FNO                                                                                                               NUMBER
 AUTOEXTENSIBLE                                                                                                             VARCHAR2(3)
 MAXBYTES                                                                                                                   NUMBER
 MAXBLOCKS                                                                                                                  NUMBER
 INCREMENT_BY                                                                                                               NUMBER
 USER_BYTES                                                                                                                 NUMBER
 USER_BLOCKS                                                                                                                NUMBER
 ONLINE_STATUS                                                                                                              VARCHAR2(7)
 LOST_WRITE_PROTECT                                                                                                         VARCHAR2(7)

SQL> select tablespace_name,file_name,status from dba_data_files;

TABLESPACE_NAME                                                                                                                                                                                         
------------------------------                                                                                                                                                                          
FILE_NAME                                                                                                                                                                                               
--------------------------------------------------------------------------------------------------------------------------------------------------------------------------------------------------------
STATUS                                                                                                                                                                                                  
---------                                                                                                                                                                                               
SYSTEM                                                                                                                                                                                                  
D:\ORACLE_19C\ORADATA\ORCL\DATAFILE\O1_MF_SYSTEM_JPZCZQM5_.DBF                                                                                                                                          
AVAILABLE                                                                                                                                                                                               
                                                                                                                                                                                                        
SYSAUX                                                                                                                                                                                                  
D:\ORACLE_19C\ORADATA\ORCL\DATAFILE\O1_MF_SYSAUX_JPZD0JWH_.DBF                                                                                                                                          
AVAILABLE                                                                                                                                                                                               
                                                                                                                                                                                                        
UNDOTBS1                                                                                                                                                                                                
D:\ORACLE_19C\ORADATA\ORCL\DATAFILE\O1_MF_UNDOTBS1_JPZD104W_.DBF                                                                                                                                        
AVAILABLE                                                                                                                                                                                               
                                                                                                                                                                                                        
USERS                                                                                                                                                                                                   
D:\ORACLE_19C\ORADATA\ORCL\DATAFILE\O1_MF_USERS_JPZD11DB_.DBF                                                                                                                                           
AVAILABLE                                                                                                                                                                                               
                                                                                                                                                                                                        
BD_DATA                                                                                                                                                                                                 
D:\ORACLE_19C\ORADATA\BD_DATA.DBF                                                                                                                                                                       
AVAILABLE                                                                                                                                                                                               
                                                                                                                                                                                                        
UBD_DATA1                                                                                                                                                                                               
D:\UBD_DATA1.DBF                                                                                                                                                                                        
AVAILABLE                                                                                                                                                                                               
                                                                                                                                                                                                        
UBD_DATA1                                                                                                                                                                                               
D:\UBD_DATA11.DBF                                                                                                                                                                                       
AVAILABLE                                                                                                                                                                                               
                                                                                                                                                                                                        
UBD_DATA2                                                                                                                                                                                               
D:\UBD_DATA2.DBF                                                                                                                                                                                        
AVAILABLE                                                                                                                                                                                               
                                                                                                                                                                                                        

8 rows selected.

SQL> column file_name format a30
SQL> select tablespace_name,file_name,status from dba_data_files;

TABLESPACE_NAME                FILE_NAME                      STATUS                                                                                                                                    
------------------------------ ------------------------------ ---------                                                                                                                                 
SYSTEM                         D:\ORACLE_19C\ORADATA\ORCL\DAT AVAILABLE                                                                                                                                 
                               AFILE\O1_MF_SYSTEM_JPZCZQM5_.D                                                                                                                                           
                               BF                                                                                                                                                                       
                                                                                                                                                                                                        
SYSAUX                         D:\ORACLE_19C\ORADATA\ORCL\DAT AVAILABLE                                                                                                                                 
                               AFILE\O1_MF_SYSAUX_JPZD0JWH_.D                                                                                                                                           
                               BF                                                                                                                                                                       
                                                                                                                                                                                                        
UNDOTBS1                       D:\ORACLE_19C\ORADATA\ORCL\DAT AVAILABLE                                                                                                                                 
                               AFILE\O1_MF_UNDOTBS1_JPZD104W_                                                                                                                                           
                               .DBF                                                                                                                                                                     
                                                                                                                                                                                                        
USERS                          D:\ORACLE_19C\ORADATA\ORCL\DAT AVAILABLE                                                                                                                                 
                               AFILE\O1_MF_USERS_JPZD11DB_.DB                                                                                                                                           
                               F                                                                                                                                                                        
                                                                                                                                                                                                        
BD_DATA                        D:\ORACLE_19C\ORADATA\BD_DATA. AVAILABLE                                                                                                                                 
                               DBF                                                                                                                                                                      
                                                                                                                                                                                                        
UBD_DATA1                      D:\UBD_DATA1.DBF               AVAILABLE                                                                                                                                 
UBD_DATA1                      D:\UBD_DATA11.DBF              AVAILABLE                                                                                                                                 
UBD_DATA2                      D:\UBD_DATA2.DBF               AVAILABLE                                                                                                                                 

8 rows selected.

SQL> desc v$datafile
 Name                                                                                                              Null?    Type
 ----------------------------------------------------------------------------------------------------------------- -------- ----------------------------------------------------------------------------
 FILE#                                                                                                                      NUMBER
 CREATION_CHANGE#                                                                                                           NUMBER
 CREATION_TIME                                                                                                              DATE
 TS#                                                                                                                        NUMBER
 RFILE#                                                                                                                     NUMBER
 STATUS                                                                                                                     VARCHAR2(7)
 ENABLED                                                                                                                    VARCHAR2(10)
 CHECKPOINT_CHANGE#                                                                                                         NUMBER
 CHECKPOINT_TIME                                                                                                            DATE
 UNRECOVERABLE_CHANGE#                                                                                                      NUMBER
 UNRECOVERABLE_TIME                                                                                                         DATE
 LAST_CHANGE#                                                                                                               NUMBER
 LAST_TIME                                                                                                                  DATE
 OFFLINE_CHANGE#                                                                                                            NUMBER
 ONLINE_CHANGE#                                                                                                             NUMBER
 ONLINE_TIME                                                                                                                DATE
 BYTES                                                                                                                      NUMBER
 BLOCKS                                                                                                                     NUMBER
 CREATE_BYTES                                                                                                               NUMBER
 BLOCK_SIZE                                                                                                                 NUMBER
 NAME                                                                                                                       VARCHAR2(513)
 PLUGGED_IN                                                                                                                 NUMBER
 BLOCK1_OFFSET                                                                                                              NUMBER
 AUX_NAME                                                                                                                   VARCHAR2(513)
 FIRST_NONLOGGED_SCN                                                                                                        NUMBER
 FIRST_NONLOGGED_TIME                                                                                                       DATE
 FOREIGN_DBID                                                                                                               NUMBER
 FOREIGN_CREATION_CHANGE#                                                                                                   NUMBER
 FOREIGN_CREATION_TIME                                                                                                      DATE
 PLUGGED_READONLY                                                                                                           VARCHAR2(3)
 PLUGIN_CHANGE#                                                                                                             NUMBER
 PLUGIN_RESETLOGS_CHANGE#                                                                                                   NUMBER
 PLUGIN_RESETLOGS_TIME                                                                                                      DATE
 CON_ID                                                                                                                     NUMBER

SQL> select file#, name, creation_time,status, enabled from v$datafile;

     FILE#                                                                                                                                                                                              
----------                                                                                                                                                                                              
NAME                                                                                                                                                                                                    
--------------------------------------------------------------------------------------------------------------------------------------------------------------------------------------------------------
CREATION_ STATUS  ENABLED                                                                                                                                                                               
--------- ------- ----------                                                                                                                                                                            
         1                                                                                                                                                                                              
D:\ORACLE_19C\ORADATA\ORCL\DATAFILE\O1_MF_SYSTEM_JPZCZQM5_.DBF                                                                                                                                          
30-MAY-19 SYSTEM  READ WRITE                                                                                                                                                                            
                                                                                                                                                                                                        
         2                                                                                                                                                                                              
D:\UBD_DATA1.DBF                                                                                                                                                                                        
10-NOV-21 ONLINE  READ WRITE                                                                                                                                                                            
                                                                                                                                                                                                        
         3                                                                                                                                                                                              
D:\ORACLE_19C\ORADATA\ORCL\DATAFILE\O1_MF_SYSAUX_JPZD0JWH_.DBF                                                                                                                                          
30-MAY-19 ONLINE  READ WRITE                                                                                                                                                                            
                                                                                                                                                                                                        
         4                                                                                                                                                                                              
D:\ORACLE_19C\ORADATA\ORCL\DATAFILE\O1_MF_UNDOTBS1_JPZD104W_.DBF                                                                                                                                        
30-MAY-19 ONLINE  READ WRITE                                                                                                                                                                            
                                                                                                                                                                                                        
         5                                                                                                                                                                                              
D:\ORACLE_19C\ORADATA\BD_DATA.DBF                                                                                                                                                                       
20-OCT-21 ONLINE  READ WRITE                                                                                                                                                                            
                                                                                                                                                                                                        
         7                                                                                                                                                                                              
D:\ORACLE_19C\ORADATA\ORCL\DATAFILE\O1_MF_USERS_JPZD11DB_.DBF                                                                                                                                           
30-MAY-19 ONLINE  READ WRITE                                                                                                                                                                            
                                                                                                                                                                                                        
         8                                                                                                                                                                                              
D:\UBD_DATA2.DBF                                                                                                                                                                                        
10-NOV-21 ONLINE  READ WRITE                                                                                                                                                                            
                                                                                                                                                                                                        
         9                                                                                                                                                                                              
D:\UBD_DATA11.DBF                                                                                                                                                                                       
10-NOV-21 ONLINE  READ WRITE                                                                                                                                                                            
                                                                                                                                                                                                        

8 rows selected.

SQL> column file format a30
SQL> select file#, name, creation_time,status, enabled from v$datafile;

     FILE#                                                                                                                                                                                              
----------                                                                                                                                                                                              
NAME                                                                                                                                                                                                    
--------------------------------------------------------------------------------------------------------------------------------------------------------------------------------------------------------
CREATION_ STATUS  ENABLED                                                                                                                                                                               
--------- ------- ----------                                                                                                                                                                            
         1                                                                                                                                                                                              
D:\ORACLE_19C\ORADATA\ORCL\DATAFILE\O1_MF_SYSTEM_JPZCZQM5_.DBF                                                                                                                                          
30-MAY-19 SYSTEM  READ WRITE                                                                                                                                                                            
                                                                                                                                                                                                        
         2                                                                                                                                                                                              
D:\UBD_DATA1.DBF                                                                                                                                                                                        
10-NOV-21 ONLINE  READ WRITE                                                                                                                                                                            
                                                                                                                                                                                                        
         3                                                                                                                                                                                              
D:\ORACLE_19C\ORADATA\ORCL\DATAFILE\O1_MF_SYSAUX_JPZD0JWH_.DBF                                                                                                                                          
30-MAY-19 ONLINE  READ WRITE                                                                                                                                                                            
                                                                                                                                                                                                        
         4                                                                                                                                                                                              
D:\ORACLE_19C\ORADATA\ORCL\DATAFILE\O1_MF_UNDOTBS1_JPZD104W_.DBF                                                                                                                                        
30-MAY-19 ONLINE  READ WRITE                                                                                                                                                                            
                                                                                                                                                                                                        
         5                                                                                                                                                                                              
D:\ORACLE_19C\ORADATA\BD_DATA.DBF                                                                                                                                                                       
20-OCT-21 ONLINE  READ WRITE                                                                                                                                                                            
                                                                                                                                                                                                        
         7                                                                                                                                                                                              
D:\ORACLE_19C\ORADATA\ORCL\DATAFILE\O1_MF_USERS_JPZD11DB_.DBF                                                                                                                                           
30-MAY-19 ONLINE  READ WRITE                                                                                                                                                                            
                                                                                                                                                                                                        
         8                                                                                                                                                                                              
D:\UBD_DATA2.DBF                                                                                                                                                                                        
10-NOV-21 ONLINE  READ WRITE                                                                                                                                                                            
                                                                                                                                                                                                        
         9                                                                                                                                                                                              
D:\UBD_DATA11.DBF                                                                                                                                                                                       
10-NOV-21 ONLINE  READ WRITE                                                                                                                                                                            
                                                                                                                                                                                                        

8 rows selected.

SQL> column file# format a30
SQL> select file#, name, creation_time,status, enabled from v$datafile;

     FILE#                                                                                                                                                                                              
----------                                                                                                                                                                                              
NAME                                                                                                                                                                                                    
--------------------------------------------------------------------------------------------------------------------------------------------------------------------------------------------------------
CREATION_ STATUS  ENABLED                                                                                                                                                                               
--------- ------- ----------                                                                                                                                                                            
##########                                                                                                                                                                                              
D:\ORACLE_19C\ORADATA\ORCL\DATAFILE\O1_MF_SYSTEM_JPZCZQM5_.DBF                                                                                                                                          
30-MAY-19 SYSTEM  READ WRITE                                                                                                                                                                            
                                                                                                                                                                                                        
##########                                                                                                                                                                                              
D:\UBD_DATA1.DBF                                                                                                                                                                                        
10-NOV-21 ONLINE  READ WRITE                                                                                                                                                                            
                                                                                                                                                                                                        
##########                                                                                                                                                                                              
D:\ORACLE_19C\ORADATA\ORCL\DATAFILE\O1_MF_SYSAUX_JPZD0JWH_.DBF                                                                                                                                          
30-MAY-19 ONLINE  READ WRITE                                                                                                                                                                            
                                                                                                                                                                                                        
##########                                                                                                                                                                                              
D:\ORACLE_19C\ORADATA\ORCL\DATAFILE\O1_MF_UNDOTBS1_JPZD104W_.DBF                                                                                                                                        
30-MAY-19 ONLINE  READ WRITE                                                                                                                                                                            
                                                                                                                                                                                                        
##########                                                                                                                                                                                              
D:\ORACLE_19C\ORADATA\BD_DATA.DBF                                                                                                                                                                       
20-OCT-21 ONLINE  READ WRITE                                                                                                                                                                            
                                                                                                                                                                                                        
##########                                                                                                                                                                                              
D:\ORACLE_19C\ORADATA\ORCL\DATAFILE\O1_MF_USERS_JPZD11DB_.DBF                                                                                                                                           
30-MAY-19 ONLINE  READ WRITE                                                                                                                                                                            
                                                                                                                                                                                                        
##########                                                                                                                                                                                              
D:\UBD_DATA2.DBF                                                                                                                                                                                        
10-NOV-21 ONLINE  READ WRITE                                                                                                                                                                            
                                                                                                                                                                                                        
##########                                                                                                                                                                                              
D:\UBD_DATA11.DBF                                                                                                                                                                                       
10-NOV-21 ONLINE  READ WRITE                                                                                                                                                                            
                                                                                                                                                                                                        

8 rows selected.

SQL> column name format a30
SQL> select file#, name, creation_time,status, enabled from v$datafile;

     FILE# NAME                           CREATION_ STATUS  ENABLED                                                                                                                                     
---------- ------------------------------ --------- ------- ----------                                                                                                                                  
########## D:\ORACLE_19C\ORADATA\ORCL\DAT 30-MAY-19 SYSTEM  READ WRITE                                                                                                                                  
           AFILE\O1_MF_SYSTEM_JPZCZQM5_.D                                                                                                                                                               
           BF                                                                                                                                                                                           
                                                                                                                                                                                                        
########## D:\UBD_DATA1.DBF               10-NOV-21 ONLINE  READ WRITE                                                                                                                                  
########## D:\ORACLE_19C\ORADATA\ORCL\DAT 30-MAY-19 ONLINE  READ WRITE                                                                                                                                  
           AFILE\O1_MF_SYSAUX_JPZD0JWH_.D                                                                                                                                                               
           BF                                                                                                                                                                                           
                                                                                                                                                                                                        
########## D:\ORACLE_19C\ORADATA\ORCL\DAT 30-MAY-19 ONLINE  READ WRITE                                                                                                                                  
           AFILE\O1_MF_UNDOTBS1_JPZD104W_                                                                                                                                                               
           .DBF                                                                                                                                                                                         
                                                                                                                                                                                                        
########## D:\ORACLE_19C\ORADATA\BD_DATA. 20-OCT-21 ONLINE  READ WRITE                                                                                                                                  
           DBF                                                                                                                                                                                          
                                                                                                                                                                                                        
########## D:\ORACLE_19C\ORADATA\ORCL\DAT 30-MAY-19 ONLINE  READ WRITE                                                                                                                                  
           AFILE\O1_MF_USERS_JPZD11DB_.DB                                                                                                                                                               
           F                                                                                                                                                                                            
                                                                                                                                                                                                        
########## D:\UBD_DATA2.DBF               10-NOV-21 ONLINE  READ WRITE                                                                                                                                  
########## D:\UBD_DATA11.DBF              10-NOV-21 ONLINE  READ WRITE                                                                                                                                  

8 rows selected.

SQL> desc dba_temp_files
 Name                                                                                                              Null?    Type
 ----------------------------------------------------------------------------------------------------------------- -------- ----------------------------------------------------------------------------
 FILE_NAME                                                                                                                  VARCHAR2(513)
 FILE_ID                                                                                                                    NUMBER
 TABLESPACE_NAME                                                                                                            VARCHAR2(30)
 BYTES                                                                                                                      NUMBER
 BLOCKS                                                                                                                     NUMBER
 STATUS                                                                                                                     VARCHAR2(7)
 RELATIVE_FNO                                                                                                               NUMBER
 AUTOEXTENSIBLE                                                                                                             VARCHAR2(3)
 MAXBYTES                                                                                                                   NUMBER
 MAXBLOCKS                                                                                                                  NUMBER
 INCREMENT_BY                                                                                                               NUMBER
 USER_BYTES                                                                                                                 NUMBER
 USER_BLOCKS                                                                                                                NUMBER
 SHARED                                                                                                                     VARCHAR2(13)
 INST_ID                                                                                                                    NUMBER

SQL> select file_name,tablespace_name, status from dba_temp_files;

FILE_NAME                      TABLESPACE_NAME                STATUS                                                                                                                                    
------------------------------ ------------------------------ -------                                                                                                                                   
D:\ORACLE_19C\ORADATA\BD_TEMP. BD_TEMP                        ONLINE                                                                                                                                    
DBF                                                                                                                                                                                                     
                                                                                                                                                                                                        
D:\ORACLE_19C\ORADATA\ORCL\DAT TEMP                           ONLINE                                                                                                                                    
AFILE\O1_MF_TEMP_JPZD6RT7_.TMP                                                                                                                                                                          
                                                                                                                                                                                                        

SQL> desc v$tempfile
 Name                                                                                                              Null?    Type
 ----------------------------------------------------------------------------------------------------------------- -------- ----------------------------------------------------------------------------
 FILE#                                                                                                                      NUMBER
 CREATION_CHANGE#                                                                                                           NUMBER
 CREATION_TIME                                                                                                              DATE
 TS#                                                                                                                        NUMBER
 RFILE#                                                                                                                     NUMBER
 STATUS                                                                                                                     VARCHAR2(7)
 ENABLED                                                                                                                    VARCHAR2(10)
 BYTES                                                                                                                      NUMBER
 BLOCKS                                                                                                                     NUMBER
 CREATE_BYTES                                                                                                               NUMBER
 BLOCK_SIZE                                                                                                                 NUMBER
 NAME                                                                                                                       VARCHAR2(513)
 CON_ID                                                                                                                     NUMBER

SQL> select file#,name, creation_time, status from v$tempfile;

     FILE# NAME                           CREATION_ STATUS                                                                                                                                              
---------- ------------------------------ --------- -------                                                                                                                                             
########## D:\ORACLE_19C\ORADATA\ORCL\DAT 20-OCT-21 ONLINE                                                                                                                                              
           AFILE\O1_MF_TEMP_JPZD6RT7_.TMP                                                                                                                                                               
                                                                                                                                                                                                        
########## D:\ORACLE_19C\ORADATA\BD_TEMP. 20-OCT-21 ONLINE                                                                                                                                              
           DBF                                                                                                                                                                                          
                                                                                                                                                                                                        

SQL> desc database_properties;
 Name                                                                                                              Null?    Type
 ----------------------------------------------------------------------------------------------------------------- -------- ----------------------------------------------------------------------------
 PROPERTY_NAME                                                                                                              VARCHAR2(128)
 PROPERTY_VALUE                                                                                                             VARCHAR2(4000)
 DESCRIPTION                                                                                                                VARCHAR2(4000)

SQL> select * from database_properties;

PROPERTY_NAME                                                                                                                                                                                           
--------------------------------------------------------------------------------------------------------------------------------                                                                        
PROPERTY_VALUE                                                                                                                                                                                          
--------------------------------------------------------------------------------------------------------------------------------------------------------------------------------------------------------
DESCRIPTION                                                                                                                                                                                             
--------------------------------------------------------------------------------------------------------------------------------------------------------------------------------------------------------
MAX_PDB_SNAPSHOTS                                                                                                                                                                                       
8                                                                                                                                                                                                       
maximum number of snapshots for a given PDB                                                                                                                                                             
                                                                                                                                                                                                        
CON_VSN                                                                                                                                                                                                 
2                                                                                                                                                                                                       
version number for the CDB or the Application Container                                                                                                                                                 
                                                                                                                                                                                                        
DICTIONARY_ENDIAN_TYPE                                                                                                                                                                                  
LITTLE                                                                                                                                                                                                  
Endian type of the data dictionary                                                                                                                                                                      
                                                                                                                                                                                                        
LOCAL_UNDO_ENABLED                                                                                                                                                                                      
TRUE                                                                                                                                                                                                    
true if local undo is enabled                                                                                                                                                                           
                                                                                                                                                                                                        
OLS_OID_STATUS                                                                                                                                                                                          
0                                                                                                                                                                                                       
OLS OID Status used for Label Security                                                                                                                                                                  
                                                                                                                                                                                                        
GLOBAL_DB_NAME                                                                                                                                                                                          
ORCL                                                                                                                                                                                                    
Global database name                                                                                                                                                                                    
                                                                                                                                                                                                        
MAX_STRING_SIZE                                                                                                                                                                                         
STANDARD                                                                                                                                                                                                
MAX_STRING_SIZE parameter used for dictionary metadata                                                                                                                                                  
                                                                                                                                                                                                        
NO_USERID_VERIFIER_SALT                                                                                                                                                                                 
E4FA6F27C073C7D5C89D3E2FBCA3D0C7                                                                                                                                                                        
Per database random key for computing faux salt                                                                                                                                                         
                                                                                                                                                                                                        
WORKLOAD_REPLAY_MODE                                                                                                                                                                                    
                                                                                                                                                                                                        
PREPARE implies external replay clients can connect; REPLAY implies workload replay is in progress                                                                                                      
                                                                                                                                                                                                        
WORKLOAD_CAPTURE_MODE                                                                                                                                                                                   
                                                                                                                                                                                                        
CAPTURE implies workload capture is in progress                                                                                                                                                         
                                                                                                                                                                                                        
NLS_RDBMS_VERSION                                                                                                                                                                                       
19.0.0.0.0                                                                                                                                                                                              
RDBMS version for NLS parameters                                                                                                                                                                        
                                                                                                                                                                                                        
NLS_NCHAR_CONV_EXCP                                                                                                                                                                                     
FALSE                                                                                                                                                                                                   
NLS conversion exception                                                                                                                                                                                
                                                                                                                                                                                                        
NLS_LENGTH_SEMANTICS                                                                                                                                                                                    
BYTE                                                                                                                                                                                                    
NLS length semantics                                                                                                                                                                                    
                                                                                                                                                                                                        
NLS_COMP                                                                                                                                                                                                
BINARY                                                                                                                                                                                                  
NLS comparison                                                                                                                                                                                          
                                                                                                                                                                                                        
NLS_DUAL_CURRENCY                                                                                                                                                                                       
$                                                                                                                                                                                                       
Dual currency symbol                                                                                                                                                                                    
                                                                                                                                                                                                        
NLS_TIMESTAMP_TZ_FORMAT                                                                                                                                                                                 
DD-MON-RR HH.MI.SSXFF AM TZR                                                                                                                                                                            
Timestamp with timezone format                                                                                                                                                                          
                                                                                                                                                                                                        
NLS_TIME_TZ_FORMAT                                                                                                                                                                                      
HH.MI.SSXFF AM TZR                                                                                                                                                                                      
Time with timezone format                                                                                                                                                                               
                                                                                                                                                                                                        
NLS_TIMESTAMP_FORMAT                                                                                                                                                                                    
DD-MON-RR HH.MI.SSXFF AM                                                                                                                                                                                
Time stamp format                                                                                                                                                                                       
                                                                                                                                                                                                        
NLS_TIME_FORMAT                                                                                                                                                                                         
HH.MI.SSXFF AM                                                                                                                                                                                          
Time format                                                                                                                                                                                             
                                                                                                                                                                                                        
NLS_SORT                                                                                                                                                                                                
BINARY                                                                                                                                                                                                  
Linguistic definition                                                                                                                                                                                   
                                                                                                                                                                                                        
NLS_DATE_LANGUAGE                                                                                                                                                                                       
AMERICAN                                                                                                                                                                                                
Date language                                                                                                                                                                                           
                                                                                                                                                                                                        
NLS_DATE_FORMAT                                                                                                                                                                                         
DD-MON-RR                                                                                                                                                                                               
Date format                                                                                                                                                                                             
                                                                                                                                                                                                        
NLS_CALENDAR                                                                                                                                                                                            
GREGORIAN                                                                                                                                                                                               
Calendar system                                                                                                                                                                                         
                                                                                                                                                                                                        
NLS_NUMERIC_CHARACTERS                                                                                                                                                                                  

PROPERTY_NAME                                                                                                                                                                                           
--------------------------------------------------------------------------------------------------------------------------------                                                                        
PROPERTY_VALUE                                                                                                                                                                                          
--------------------------------------------------------------------------------------------------------------------------------------------------------------------------------------------------------
DESCRIPTION                                                                                                                                                                                             
--------------------------------------------------------------------------------------------------------------------------------------------------------------------------------------------------------
.,                                                                                                                                                                                                      
Numeric characters                                                                                                                                                                                      
                                                                                                                                                                                                        
NLS_NCHAR_CHARACTERSET                                                                                                                                                                                  
AL16UTF16                                                                                                                                                                                               
NCHAR Character set                                                                                                                                                                                     
                                                                                                                                                                                                        
NLS_CHARACTERSET                                                                                                                                                                                        
AL32UTF8                                                                                                                                                                                                
Character set                                                                                                                                                                                           
                                                                                                                                                                                                        
NLS_ISO_CURRENCY                                                                                                                                                                                        
AMERICA                                                                                                                                                                                                 
ISO currency                                                                                                                                                                                            
                                                                                                                                                                                                        
NLS_CURRENCY                                                                                                                                                                                            
$                                                                                                                                                                                                       
Local currency                                                                                                                                                                                          
                                                                                                                                                                                                        
NLS_TERRITORY                                                                                                                                                                                           
AMERICA                                                                                                                                                                                                 
Territory                                                                                                                                                                                               
                                                                                                                                                                                                        
NLS_LANGUAGE                                                                                                                                                                                            
AMERICAN                                                                                                                                                                                                
Language                                                                                                                                                                                                
                                                                                                                                                                                                        
DEFAULT_TBS_TYPE                                                                                                                                                                                        
SMALLFILE                                                                                                                                                                                               
Default tablespace type                                                                                                                                                                                 
                                                                                                                                                                                                        
DST_SECONDARY_TT_VERSION                                                                                                                                                                                
0                                                                                                                                                                                                       
Version of secondary timezone data file                                                                                                                                                                 
                                                                                                                                                                                                        
DST_PRIMARY_TT_VERSION                                                                                                                                                                                  
32                                                                                                                                                                                                      
Version of primary timezone data file                                                                                                                                                                   
                                                                                                                                                                                                        
DST_UPGRADE_STATE                                                                                                                                                                                       
NONE                                                                                                                                                                                                    
State of Day Light Saving Time Upgrade                                                                                                                                                                  
                                                                                                                                                                                                        
DBTIMEZONE                                                                                                                                                                                              
00:00                                                                                                                                                                                                   
DB time zone                                                                                                                                                                                            
                                                                                                                                                                                                        
TDE_MASTER_KEY_ID                                                                                                                                                                                       
                                                                                                                                                                                                        
                                                                                                                                                                                                        
                                                                                                                                                                                                        
EXPORT_VIEWS_VERSION                                                                                                                                                                                    
8                                                                                                                                                                                                       
Export views revision #                                                                                                                                                                                 
                                                                                                                                                                                                        
Flashback Timestamp TimeZone                                                                                                                                                                            
GMT                                                                                                                                                                                                     
Flashback timestamp created in GMT                                                                                                                                                                      
                                                                                                                                                                                                        
DEFAULT_EDITION                                                                                                                                                                                         
ORA$BASE                                                                                                                                                                                                
Name of the database default edition                                                                                                                                                                    
                                                                                                                                                                                                        
DEFAULT_PERMANENT_TABLESPACE                                                                                                                                                                            
USERS                                                                                                                                                                                                   
Name of default permanent tablespace                                                                                                                                                                    
                                                                                                                                                                                                        
DEFAULT_TEMP_TABLESPACE                                                                                                                                                                                 
TEMP                                                                                                                                                                                                    
Name of default temporary tablespace                                                                                                                                                                    
                                                                                                                                                                                                        
DICT.BASE                                                                                                                                                                                               
2                                                                                                                                                                                                       
dictionary base tables version #                                                                                                                                                                        
                                                                                                                                                                                                        

42 rows selected.

SQL> desc database_properties;
 Name                                                                                                              Null?    Type
 ----------------------------------------------------------------------------------------------------------------- -------- ----------------------------------------------------------------------------
 PROPERTY_NAME                                                                                                              VARCHAR2(128)
 PROPERTY_VALUE                                                                                                             VARCHAR2(4000)
 DESCRIPTION                                                                                                                VARCHAR2(4000)

SQL> column property_name format a30
SQL> column property_value format a30
SQL> column description format a30
SQL> select * from database_properties;

PROPERTY_NAME                  PROPERTY_VALUE                 DESCRIPTION                                                                                                                               
------------------------------ ------------------------------ ------------------------------                                                                                                            
MAX_PDB_SNAPSHOTS              8                              maximum number of snapshots fo                                                                                                            
                                                              r a given PDB                                                                                                                             
                                                                                                                                                                                                        
CON_VSN                        2                              version number for the CDB or                                                                                                             
                                                              the Application Container                                                                                                                 
                                                                                                                                                                                                        
DICTIONARY_ENDIAN_TYPE         LITTLE                         Endian type of the data dictio                                                                                                            
                                                              nary                                                                                                                                      
                                                                                                                                                                                                        
LOCAL_UNDO_ENABLED             TRUE                           true if local undo is enabled                                                                                                             
OLS_OID_STATUS                 0                              OLS OID Status used for Label                                                                                                             
                                                              Security                                                                                                                                  
                                                                                                                                                                                                        
GLOBAL_DB_NAME                 ORCL                           Global database name                                                                                                                      
MAX_STRING_SIZE                STANDARD                       MAX_STRING_SIZE parameter used                                                                                                            
                                                               for dictionary metadata                                                                                                                  
                                                                                                                                                                                                        
NO_USERID_VERIFIER_SALT        E4FA6F27C073C7D5C89D3E2FBCA3D0 Per database random key for co                                                                                                            
                               C7                             mputing faux salt                                                                                                                         
                                                                                                                                                                                                        
WORKLOAD_REPLAY_MODE                                          PREPARE implies external repla                                                                                                            
                                                              y clients can connect; REPLAY                                                                                                             
                                                              implies workload replay is in                                                                                                             
                                                              progress                                                                                                                                  
                                                                                                                                                                                                        
WORKLOAD_CAPTURE_MODE                                         CAPTURE implies workload captu                                                                                                            
                                                              re is in progress                                                                                                                         
                                                                                                                                                                                                        
NLS_RDBMS_VERSION              19.0.0.0.0                     RDBMS version for NLS paramete                                                                                                            
                                                              rs                                                                                                                                        
                                                                                                                                                                                                        
NLS_NCHAR_CONV_EXCP            FALSE                          NLS conversion exception                                                                                                                  
NLS_LENGTH_SEMANTICS           BYTE                           NLS length semantics                                                                                                                      
NLS_COMP                       BINARY                         NLS comparison                                                                                                                            
NLS_DUAL_CURRENCY              $                              Dual currency symbol                                                                                                                      
NLS_TIMESTAMP_TZ_FORMAT        DD-MON-RR HH.MI.SSXFF AM TZR   Timestamp with timezone format                                                                                                            
NLS_TIME_TZ_FORMAT             HH.MI.SSXFF AM TZR             Time with timezone format                                                                                                                 
NLS_TIMESTAMP_FORMAT           DD-MON-RR HH.MI.SSXFF AM       Time stamp format                                                                                                                         
NLS_TIME_FORMAT                HH.MI.SSXFF AM                 Time format                                                                                                                               
NLS_SORT                       BINARY                         Linguistic definition                                                                                                                     
NLS_DATE_LANGUAGE              AMERICAN                       Date language                                                                                                                             
NLS_DATE_FORMAT                DD-MON-RR                      Date format                                                                                                                               
NLS_CALENDAR                   GREGORIAN                      Calendar system                                                                                                                           
NLS_NUMERIC_CHARACTERS         .,                             Numeric characters                                                                                                                        
NLS_NCHAR_CHARACTERSET         AL16UTF16                      NCHAR Character set                                                                                                                       
NLS_CHARACTERSET               AL32UTF8                       Character set                                                                                                                             
NLS_ISO_CURRENCY               AMERICA                        ISO currency                                                                                                                              
NLS_CURRENCY                   $                              Local currency                                                                                                                            
NLS_TERRITORY                  AMERICA                        Territory                                                                                                                                 
NLS_LANGUAGE                   AMERICAN                       Language                                                                                                                                  
DEFAULT_TBS_TYPE               SMALLFILE                      Default tablespace type                                                                                                                   
DST_SECONDARY_TT_VERSION       0                              Version of secondary timezone                                                                                                             
                                                              data file                                                                                                                                 
                                                                                                                                                                                                        
DST_PRIMARY_TT_VERSION         32                             Version of primary timezone da                                                                                                            
                                                              ta file                                                                                                                                   
                                                                                                                                                                                                        
DST_UPGRADE_STATE              NONE                           State of Day Light Saving Time                                                                                                            
                                                               Upgrade                                                                                                                                  
                                                                                                                                                                                                        
DBTIMEZONE                     00:00                          DB time zone                                                                                                                              
TDE_MASTER_KEY_ID                                                                                                                                                                                       
EXPORT_VIEWS_VERSION           8                              Export views revision #                                                                                                                   
Flashback Timestamp TimeZone   GMT                            Flashback timestamp created in                                                                                                            
                                                               GMT                                                                                                                                      
                                                                                                                                                                                                        
DEFAULT_EDITION                ORA$BASE                       Name of the database default e                                                                                                            
                                                              dition                                                                                                                                    
                                                                                                                                                                                                        
DEFAULT_PERMANENT_TABLESPACE   USERS                          Name of default permanent tabl                                                                                                            
                                                              espace                                                                                                                                    
                                                                                                                                                                                                        
DEFAULT_TEMP_TABLESPACE        TEMP                           Name of default temporary tabl                                                                                                            
                                                              espace                                                                                                                                    
                                                                                                                                                                                                        
DICT.BASE                      2                              dictionary base tables version                                                                                                            
                                                               #                                                                                                                                        
                                                                                                                                                                                                        

42 rows selected.

SQL> 
SQL> 
SQL> desc dba_users
 Name                                                                                                              Null?    Type
 ----------------------------------------------------------------------------------------------------------------- -------- ----------------------------------------------------------------------------
 USERNAME                                                                                                          NOT NULL VARCHAR2(128)
 USER_ID                                                                                                           NOT NULL NUMBER
 PASSWORD                                                                                                                   VARCHAR2(4000)
 ACCOUNT_STATUS                                                                                                    NOT NULL VARCHAR2(32)
 LOCK_DATE                                                                                                                  DATE
 EXPIRY_DATE                                                                                                                DATE
 DEFAULT_TABLESPACE                                                                                                NOT NULL VARCHAR2(30)
 TEMPORARY_TABLESPACE                                                                                              NOT NULL VARCHAR2(30)
 LOCAL_TEMP_TABLESPACE                                                                                                      VARCHAR2(30)
 CREATED                                                                                                           NOT NULL DATE
 PROFILE                                                                                                           NOT NULL VARCHAR2(128)
 INITIAL_RSRC_CONSUMER_GROUP                                                                                                VARCHAR2(128)
 EXTERNAL_NAME                                                                                                              VARCHAR2(4000)
 PASSWORD_VERSIONS                                                                                                          VARCHAR2(17)
 EDITIONS_ENABLED                                                                                                           VARCHAR2(1)
 AUTHENTICATION_TYPE                                                                                                        VARCHAR2(8)
 PROXY_ONLY_CONNECT                                                                                                         VARCHAR2(1)
 COMMON                                                                                                                     VARCHAR2(3)
 LAST_LOGIN                                                                                                                 TIMESTAMP(9) WITH TIME ZONE
 ORACLE_MAINTAINED                                                                                                          VARCHAR2(1)
 INHERITED                                                                                                                  VARCHAR2(3)
 DEFAULT_COLLATION                                                                                                          VARCHAR2(100)
 IMPLICIT                                                                                                                   VARCHAR2(3)
 ALL_SHARD                                                                                                                  VARCHAR2(3)
 PASSWORD_CHANGE_DATE                                                                                                       DATE

SQL> select username, default_tablespace, temporary_tablespace from dba_users;

USERNAME                                                                                                                         DEFAULT_TABLESPACE             TEMPORARY_TABLESPACE                    
-------------------------------------------------------------------------------------------------------------------------------- ------------------------------ ------------------------------          
SYS                                                                                                                              SYSTEM                         TEMP                                    
SYSTEM                                                                                                                           SYSTEM                         TEMP                                    
XS$NULL                                                                                                                          SYSTEM                         TEMP                                    
OJVMSYS                                                                                                                          SYSTEM                         TEMP                                    
LBACSYS                                                                                                                          SYSTEM                         TEMP                                    
OUTLN                                                                                                                            SYSTEM                         TEMP                                    
SYS$UMF                                                                                                                          SYSTEM                         TEMP                                    
DBSNMP                                                                                                                           SYSAUX                         TEMP                                    
APPQOSSYS                                                                                                                        SYSAUX                         TEMP                                    
DBSFWUSER                                                                                                                        SYSAUX                         TEMP                                    
GGSYS                                                                                                                            SYSAUX                         TEMP                                    
ANONYMOUS                                                                                                                        SYSAUX                         TEMP                                    
CTXSYS                                                                                                                           SYSAUX                         TEMP                                    
DVSYS                                                                                                                            SYSAUX                         TEMP                                    
DVF                                                                                                                              SYSAUX                         TEMP                                    
GSMADMIN_INTERNAL                                                                                                                SYSAUX                         TEMP                                    
MDSYS                                                                                                                            SYSAUX                         TEMP                                    
OLAPSYS                                                                                                                          SYSAUX                         TEMP                                    
XDB                                                                                                                              SYSAUX                         TEMP                                    
WMSYS                                                                                                                            SYSAUX                         TEMP                                    
GSMCATUSER                                                                                                                       USERS                          TEMP                                    
MDDATA                                                                                                                           USERS                          TEMP                                    
SYSBACKUP                                                                                                                        USERS                          TEMP                                    
REMOTE_SCHEDULER_AGENT                                                                                                           USERS                          TEMP                                    
GSMUSER                                                                                                                          USERS                          TEMP                                    
SYSRAC                                                                                                                           USERS                          TEMP                                    
GSMROOTUSER                                                                                                                      USERS                          TEMP                                    
SI_INFORMTN_SCHEMA                                                                                                               USERS                          TEMP                                    
AUDSYS                                                                                                                           USERS                          TEMP                                    
DIP                                                                                                                              USERS                          TEMP                                    
ORDPLUGINS                                                                                                                       USERS                          TEMP                                    
SYSKM                                                                                                                            USERS                          TEMP                                    
ORDDATA                                                                                                                          USERS                          TEMP                                    
ORACLE_OCM                                                                                                                       USERS                          TEMP                                    
SYSDG                                                                                                                            USERS                          TEMP                                    
ORDSYS                                                                                                                           USERS                          TEMP                                    
ABD2                                                                                                                             BD_DATA                        BD_TEMP                                 
ABD1                                                                                                                             BD_DATA                        BD_TEMP                                 

38 rows selected.

SQL> desc dba_ts_quotas
 Name                                                                                                              Null?    Type
 ----------------------------------------------------------------------------------------------------------------- -------- ----------------------------------------------------------------------------
 TABLESPACE_NAME                                                                                                   NOT NULL VARCHAR2(30)
 USERNAME                                                                                                          NOT NULL VARCHAR2(128)
 BYTES                                                                                                                      NUMBER
 MAX_BYTES                                                                                                                  NUMBER
 BLOCKS                                                                                                                     NUMBER
 MAX_BLOCKS                                                                                                                 NUMBER
 DROPPED                                                                                                                    VARCHAR2(3)

SQL> select tablespace_name, username, max_bytes, bytes from dba_ts_quotas;

TABLESPACE_NAME                USERNAME                                                                                                                          MAX_BYTES      BYTES                   
------------------------------ -------------------------------------------------------------------------------------------------------------------------------- ---------- ----------                   
SYSAUX                         AUDSYS                                                                                                                                   -1    1376256                   
SYSTEM                         OUTLN                                                                                                                                    -1     589824                   
SYSAUX                         GSMADMIN_INTERNAL                                                                                                                        -1     917504                   
SYSAUX                         DBSFWUSER                                                                                                                                -1          0                   
SYSAUX                         APPQOSSYS                                                                                                                                -1          0                   
SYSAUX                         GGSYS                                                                                                                                    -1          0                   
SYSAUX                         MDSYS                                                                                                                                    -1  177143808                   
SYSTEM                         MDSYS                                                                                                                                    -1          0                   
SYSAUX                         OLAPSYS                                                                                                                                  -1          0                   
SYSTEM                         LBACSYS                                                                                                                                  -1     327680                   
BD_DATA                        ABD1                                                                                                                               10485760     524288                   
BD_DATA                        ABD2                                                                                                                               10485760          0                   

12 rows selected.

SQL> desc user_users
 Name                                                                                                              Null?    Type
 ----------------------------------------------------------------------------------------------------------------- -------- ----------------------------------------------------------------------------
 USERNAME                                                                                                          NOT NULL VARCHAR2(128)
 USER_ID                                                                                                           NOT NULL NUMBER
 ACCOUNT_STATUS                                                                                                    NOT NULL VARCHAR2(32)
 LOCK_DATE                                                                                                                  DATE
 EXPIRY_DATE                                                                                                                DATE
 DEFAULT_TABLESPACE                                                                                                NOT NULL VARCHAR2(30)
 TEMPORARY_TABLESPACE                                                                                              NOT NULL VARCHAR2(30)
 LOCAL_TEMP_TABLESPACE                                                                                                      VARCHAR2(30)
 CREATED                                                                                                           NOT NULL DATE
 INITIAL_RSRC_CONSUMER_GROUP                                                                                                VARCHAR2(128)
 EXTERNAL_NAME                                                                                                              VARCHAR2(4000)
 PROXY_ONLY_CONNECT                                                                                                         VARCHAR2(1)
 COMMON                                                                                                                     VARCHAR2(3)
 ORACLE_MAINTAINED                                                                                                          VARCHAR2(1)
 INHERITED                                                                                                                  VARCHAR2(3)
 DEFAULT_COLLATION                                                                                                          VARCHAR2(100)
 IMPLICIT                                                                                                                   VARCHAR2(3)
 ALL_SHARD                                                                                                                  VARCHAR2(3)
 PASSWORD_CHANGE_DATE                                                                                                       DATE

SQL> select user_id, username, created, lock_date from user_users;

   USER_ID USERNAME                                                                                                                         CREATED   LOCK_DATE                                         
---------- -------------------------------------------------------------------------------------------------------------------------------- --------- ---------                                         
       106 ABD1                                                                                                                             20-OCT-21                                                   

SQL> create temporary tablespace ubd_temp2 tempfile 'd:\ubd_temp1.dbf' size 10m extent management local uniform size 2M;

Tablespace created.

SQL> alter database default temporary tablespace ubd_temp;
alter database default temporary tablespace ubd_temp
*
ERROR at line 1:
ORA-00959: tablespace 'UBD_TEMP' does not exist 


SQL> alter database default temporary tablespace ubd_temp2;

Database altered.

SQL> select * from database_properties where property_name = 'DEFAULT_TEMP_TABLESPACE';

PROPERTY_NAME                  PROPERTY_VALUE                 DESCRIPTION                                                                                                                               
------------------------------ ------------------------------ ------------------------------                                                                                                            
DEFAULT_TEMP_TABLESPACE        UBD_TEMP2                      Name of default temporary tabl                                                                                                            
                                                              espace                                                                                                                                    
                                                                                                                                                                                                        

SQL> alter tablespace ubd_data1 read only;

Tablespace altered.

SQL> alter tablespace ubd_data1 read write;

Tablespace altered.

SQL> select tablespace_name,block_size, status from dba_tablespaces where tablespace_name='UBD_DATA1';

TABLESPACE_NAME                BLOCK_SIZE STATUS                                                                                                                                                        
------------------------------ ---------- ---------                                                                                                                                                     
UBD_DATA1                            8192 ONLINE                                                                                                                                                        

SQL> select tablespace_name, status from dba_tablespaces where tablespace_name='UBD_TEMP';

no rows selected

SQL> select tablespace_name, status from dba_tablespaces where tablespace_name='UBD_DATA1';

TABLESPACE_NAME                STATUS                                                                                                                                                                   
------------------------------ ---------                                                                                                                                                                
UBD_DATA1                      ONLINE                                                                                                                                                                   

SQL> alter tablespace ubd_data1 offline;

Tablespace altered.

SQL> select tablespace_name, status from dba_tablespaces where tablespace_name='UBD_DATA1';

TABLESPACE_NAME                STATUS                                                                                                                                                                   
------------------------------ ---------                                                                                                                                                                
UBD_DATA1                      OFFLINE                                                                                                                                                                  

SQL> alter tablespace ubd_data1 online;

Tablespace altered.

SQL> alter tablespace ubd_data1 offline;

Tablespace altered.

SQL> alter tablespace ubd_data1 rename datafile 'd:\ubd_data1.dbf' to 'd:\ubd_data33.dbf';

Tablespace altered.

SQL> select tablespace_name,file_name,status from dba_data_files;

TABLESPACE_NAME                FILE_NAME                      STATUS                                                                                                                                    
------------------------------ ------------------------------ ---------                                                                                                                                 
SYSTEM                         D:\ORACLE_19C\ORADATA\ORCL\DAT AVAILABLE                                                                                                                                 
                               AFILE\O1_MF_SYSTEM_JPZCZQM5_.D                                                                                                                                           
                               BF                                                                                                                                                                       
                                                                                                                                                                                                        
SYSAUX                         D:\ORACLE_19C\ORADATA\ORCL\DAT AVAILABLE                                                                                                                                 
                               AFILE\O1_MF_SYSAUX_JPZD0JWH_.D                                                                                                                                           
                               BF                                                                                                                                                                       
                                                                                                                                                                                                        
UNDOTBS1                       D:\ORACLE_19C\ORADATA\ORCL\DAT AVAILABLE                                                                                                                                 
                               AFILE\O1_MF_UNDOTBS1_JPZD104W_                                                                                                                                           
                               .DBF                                                                                                                                                                     
                                                                                                                                                                                                        
USERS                          D:\ORACLE_19C\ORADATA\ORCL\DAT AVAILABLE                                                                                                                                 
                               AFILE\O1_MF_USERS_JPZD11DB_.DB                                                                                                                                           
                               F                                                                                                                                                                        
                                                                                                                                                                                                        
BD_DATA                        D:\ORACLE_19C\ORADATA\BD_DATA. AVAILABLE                                                                                                                                 
                               DBF                                                                                                                                                                      
                                                                                                                                                                                                        
UBD_DATA1                      D:\UBD_DATA33.DBF              AVAILABLE                                                                                                                                 
UBD_DATA1                      D:\UBD_DATA11.DBF              AVAILABLE                                                                                                                                 
UBD_DATA2                      D:\UBD_DATA2.DBF               AVAILABLE                                                                                                                                 

8 rows selected.

SQL> create undo tablespace ubd_undo1 datafile 'd:\ubd_undo1.dbf' size 10M;

Tablespace created.

SQL> alter tablespace ubd_temp2 drop tempfile 'd:\ubd_temp1.dbf'
  2  ;
alter tablespace ubd_temp2 drop tempfile 'd:\ubd_temp1.dbf'
*
ERROR at line 1:
ORA-03261: the tablespace UBD_TEMP2 has only one file 


SQL> alter database tempfile 'd:\ubd_temp1.dbf' drop including datafiles;

Database altered.

SQL> drop tablespace ubd_data1 including contents and datafiles;

Tablespace dropped.

SQL> select tablespace_name from dba_tablespaces;

TABLESPACE_NAME                                                                                                                                                                                         
------------------------------                                                                                                                                                                          
SYSTEM                                                                                                                                                                                                  
SYSAUX                                                                                                                                                                                                  
UNDOTBS1                                                                                                                                                                                                
TEMP                                                                                                                                                                                                    
USERS                                                                                                                                                                                                   
BD_DATA                                                                                                                                                                                                 
BD_TEMP                                                                                                                                                                                                 
UBD_DATA2                                                                                                                                                                                               
UBD_TEMP2                                                                                                                                                                                               
UBD_UNDO1                                                                                                                                                                                               

10 rows selected.

SQL> select tablespace_name,file_name,status from dba_data_files;

TABLESPACE_NAME                FILE_NAME                      STATUS                                                                                                                                    
------------------------------ ------------------------------ ---------                                                                                                                                 
SYSTEM                         D:\ORACLE_19C\ORADATA\ORCL\DAT AVAILABLE                                                                                                                                 
                               AFILE\O1_MF_SYSTEM_JPZCZQM5_.D                                                                                                                                           
                               BF                                                                                                                                                                       
                                                                                                                                                                                                        
SYSAUX                         D:\ORACLE_19C\ORADATA\ORCL\DAT AVAILABLE                                                                                                                                 
                               AFILE\O1_MF_SYSAUX_JPZD0JWH_.D                                                                                                                                           
                               BF                                                                                                                                                                       
                                                                                                                                                                                                        
UNDOTBS1                       D:\ORACLE_19C\ORADATA\ORCL\DAT AVAILABLE                                                                                                                                 
                               AFILE\O1_MF_UNDOTBS1_JPZD104W_                                                                                                                                           
                               .DBF                                                                                                                                                                     
                                                                                                                                                                                                        
USERS                          D:\ORACLE_19C\ORADATA\ORCL\DAT AVAILABLE                                                                                                                                 
                               AFILE\O1_MF_USERS_JPZD11DB_.DB                                                                                                                                           
                               F                                                                                                                                                                        
                                                                                                                                                                                                        
BD_DATA                        D:\ORACLE_19C\ORADATA\BD_DATA. AVAILABLE                                                                                                                                 
                               DBF                                                                                                                                                                      
                                                                                                                                                                                                        
UBD_DATA2                      D:\UBD_DATA2.DBF               AVAILABLE                                                                                                                                 
UBD_UNDO1                      D:\UBD_UNDO1.DBF               AVAILABLE                                                                                                                                 

7 rows selected.

SQL> select tablespace_name,file_name,status from dba_temp_files;

TABLESPACE_NAME                FILE_NAME                      STATUS                                                                                                                                    
------------------------------ ------------------------------ -------                                                                                                                                   
BD_TEMP                        D:\ORACLE_19C\ORADATA\BD_TEMP. ONLINE                                                                                                                                    
                               DBF                                                                                                                                                                      
                                                                                                                                                                                                        
TEMP                           D:\ORACLE_19C\ORADATA\ORCL\DAT ONLINE                                                                                                                                    
                               AFILE\O1_MF_TEMP_JPZD6RT7_.TMP                                                                                                                                           
                                                                                                                                                                                                        

SQL> alter tablespace ubd_data1 drop datafile 'd:\ubd_data2.dbf';
alter tablespace ubd_data1 drop datafile 'd:\ubd_data2.dbf'
*
ERROR at line 1:
ORA-00959: tablespace 'UBD_DATA1' does not exist 


SQL> alter tablespace ubd_data2 drop datafile 'd:\ubd_data2.dbf';
alter tablespace ubd_data2 drop datafile 'd:\ubd_data2.dbf'
*
ERROR at line 1:
ORA-03261: the tablespace UBD_DATA2 has only one file 


SQL> 
SQL> 
SQL> select tablespace_name,block_size, status from dba_tablespaces;

TABLESPACE_NAME                BLOCK_SIZE STATUS                                                                                                                                                        
------------------------------ ---------- ---------                                                                                                                                                     
SYSTEM                               8192 ONLINE                                                                                                                                                        
SYSAUX                               8192 ONLINE                                                                                                                                                        
UNDOTBS1                             8192 ONLINE                                                                                                                                                        
TEMP                                 8192 ONLINE                                                                                                                                                        
USERS                                8192 ONLINE                                                                                                                                                        
BD_DATA                              8192 ONLINE                                                                                                                                                        
BD_TEMP                              8192 ONLINE                                                                                                                                                        
UBD_DATA2                            8192 ONLINE                                                                                                                                                        
UBD_TEMP2                            8192 ONLINE                                                                                                                                                        
UBD_UNDO1                            8192 ONLINE                                                                                                                                                        

10 rows selected.

SQL> select * from database_properties where property_name = 'DEFAULT_TEMP_TABLESPACE';

PROPERTY_NAME                  PROPERTY_VALUE                 DESCRIPTION                                                                                                                               
------------------------------ ------------------------------ ------------------------------                                                                                                            
DEFAULT_TEMP_TABLESPACE        UBD_TEMP2                      Name of default temporary tabl                                                                                                            
                                                              espace                                                                                                                                    
                                                                                                                                                                                                        

SQL> select * from database_properties;

PROPERTY_NAME                  PROPERTY_VALUE                 DESCRIPTION                                                                                                                               
------------------------------ ------------------------------ ------------------------------                                                                                                            
MAX_PDB_SNAPSHOTS              8                              maximum number of snapshots fo                                                                                                            
                                                              r a given PDB                                                                                                                             
                                                                                                                                                                                                        
CON_VSN                        2                              version number for the CDB or                                                                                                             
                                                              the Application Container                                                                                                                 
                                                                                                                                                                                                        
DICTIONARY_ENDIAN_TYPE         LITTLE                         Endian type of the data dictio                                                                                                            
                                                              nary                                                                                                                                      
                                                                                                                                                                                                        
LOCAL_UNDO_ENABLED             TRUE                           true if local undo is enabled                                                                                                             
OLS_OID_STATUS                 0                              OLS OID Status used for Label                                                                                                             
                                                              Security                                                                                                                                  
                                                                                                                                                                                                        
GLOBAL_DB_NAME                 ORCL                           Global database name                                                                                                                      
MAX_STRING_SIZE                STANDARD                       MAX_STRING_SIZE parameter used                                                                                                            
                                                               for dictionary metadata                                                                                                                  
                                                                                                                                                                                                        
NO_USERID_VERIFIER_SALT        E4FA6F27C073C7D5C89D3E2FBCA3D0 Per database random key for co                                                                                                            
                               C7                             mputing faux salt                                                                                                                         
                                                                                                                                                                                                        
WORKLOAD_REPLAY_MODE                                          PREPARE implies external repla                                                                                                            
                                                              y clients can connect; REPLAY                                                                                                             
                                                              implies workload replay is in                                                                                                             
                                                              progress                                                                                                                                  
                                                                                                                                                                                                        
WORKLOAD_CAPTURE_MODE                                         CAPTURE implies workload captu                                                                                                            
                                                              re is in progress                                                                                                                         
                                                                                                                                                                                                        
NLS_RDBMS_VERSION              19.0.0.0.0                     RDBMS version for NLS paramete                                                                                                            
                                                              rs                                                                                                                                        
                                                                                                                                                                                                        
NLS_NCHAR_CONV_EXCP            FALSE                          NLS conversion exception                                                                                                                  
NLS_LENGTH_SEMANTICS           BYTE                           NLS length semantics                                                                                                                      
NLS_COMP                       BINARY                         NLS comparison                                                                                                                            
NLS_DUAL_CURRENCY              $                              Dual currency symbol                                                                                                                      
NLS_TIMESTAMP_TZ_FORMAT        DD-MON-RR HH.MI.SSXFF AM TZR   Timestamp with timezone format                                                                                                            
NLS_TIME_TZ_FORMAT             HH.MI.SSXFF AM TZR             Time with timezone format                                                                                                                 
NLS_TIMESTAMP_FORMAT           DD-MON-RR HH.MI.SSXFF AM       Time stamp format                                                                                                                         
NLS_TIME_FORMAT                HH.MI.SSXFF AM                 Time format                                                                                                                               
NLS_SORT                       BINARY                         Linguistic definition                                                                                                                     
NLS_DATE_LANGUAGE              AMERICAN                       Date language                                                                                                                             
NLS_DATE_FORMAT                DD-MON-RR                      Date format                                                                                                                               
NLS_CALENDAR                   GREGORIAN                      Calendar system                                                                                                                           
NLS_NUMERIC_CHARACTERS         .,                             Numeric characters                                                                                                                        
NLS_NCHAR_CHARACTERSET         AL16UTF16                      NCHAR Character set                                                                                                                       
NLS_CHARACTERSET               AL32UTF8                       Character set                                                                                                                             
NLS_ISO_CURRENCY               AMERICA                        ISO currency                                                                                                                              
NLS_CURRENCY                   $                              Local currency                                                                                                                            
NLS_TERRITORY                  AMERICA                        Territory                                                                                                                                 
NLS_LANGUAGE                   AMERICAN                       Language                                                                                                                                  
DEFAULT_TBS_TYPE               SMALLFILE                      Default tablespace type                                                                                                                   
DST_SECONDARY_TT_VERSION       0                              Version of secondary timezone                                                                                                             
                                                              data file                                                                                                                                 
                                                                                                                                                                                                        
DST_PRIMARY_TT_VERSION         32                             Version of primary timezone da                                                                                                            
                                                              ta file                                                                                                                                   
                                                                                                                                                                                                        
DST_UPGRADE_STATE              NONE                           State of Day Light Saving Time                                                                                                            
                                                               Upgrade                                                                                                                                  
                                                                                                                                                                                                        
DBTIMEZONE                     00:00                          DB time zone                                                                                                                              
TDE_MASTER_KEY_ID                                                                                                                                                                                       
EXPORT_VIEWS_VERSION           8                              Export views revision #                                                                                                                   
Flashback Timestamp TimeZone   GMT                            Flashback timestamp created in                                                                                                            
                                                               GMT                                                                                                                                      
                                                                                                                                                                                                        
DEFAULT_EDITION                ORA$BASE                       Name of the database default e                                                                                                            
                                                              dition                                                                                                                                    
                                                                                                                                                                                                        
DEFAULT_PERMANENT_TABLESPACE   USERS                          Name of default permanent tabl                                                                                                            
                                                              espace                                                                                                                                    
                                                                                                                                                                                                        
DEFAULT_TEMP_TABLESPACE        UBD_TEMP2                      Name of default temporary tabl                                                                                                            
                                                              espace                                                                                                                                    
                                                                                                                                                                                                        
DICT.BASE                      2                              dictionary base tables version                                                                                                            
                                                               #                                                                                                                                        
                                                                                                                                                                                                        

42 rows selected.

SQL> select username, default_tablespace, temporary_tablespace from dba_users;

USERNAME                                                                                                                         DEFAULT_TABLESPACE             TEMPORARY_TABLESPACE                    
-------------------------------------------------------------------------------------------------------------------------------- ------------------------------ ------------------------------          
ABD2                                                                                                                             BD_DATA                        BD_TEMP                                 
ABD1                                                                                                                             BD_DATA                        BD_TEMP                                 
SYS                                                                                                                              SYSTEM                         UBD_TEMP2                               
SYSTEM                                                                                                                           SYSTEM                         UBD_TEMP2                               
XS$NULL                                                                                                                          SYSTEM                         UBD_TEMP2                               
OJVMSYS                                                                                                                          SYSTEM                         UBD_TEMP2                               
LBACSYS                                                                                                                          SYSTEM                         UBD_TEMP2                               
OUTLN                                                                                                                            SYSTEM                         UBD_TEMP2                               
SYS$UMF                                                                                                                          SYSTEM                         UBD_TEMP2                               
DBSNMP                                                                                                                           SYSAUX                         UBD_TEMP2                               
APPQOSSYS                                                                                                                        SYSAUX                         UBD_TEMP2                               
DBSFWUSER                                                                                                                        SYSAUX                         UBD_TEMP2                               
GGSYS                                                                                                                            SYSAUX                         UBD_TEMP2                               
ANONYMOUS                                                                                                                        SYSAUX                         UBD_TEMP2                               
CTXSYS                                                                                                                           SYSAUX                         UBD_TEMP2                               
DVSYS                                                                                                                            SYSAUX                         UBD_TEMP2                               
DVF                                                                                                                              SYSAUX                         UBD_TEMP2                               
GSMADMIN_INTERNAL                                                                                                                SYSAUX                         UBD_TEMP2                               
MDSYS                                                                                                                            SYSAUX                         UBD_TEMP2                               
OLAPSYS                                                                                                                          SYSAUX                         UBD_TEMP2                               
XDB                                                                                                                              SYSAUX                         UBD_TEMP2                               
WMSYS                                                                                                                            SYSAUX                         UBD_TEMP2                               
GSMCATUSER                                                                                                                       USERS                          UBD_TEMP2                               
MDDATA                                                                                                                           USERS                          UBD_TEMP2                               
SYSBACKUP                                                                                                                        USERS                          UBD_TEMP2                               
REMOTE_SCHEDULER_AGENT                                                                                                           USERS                          UBD_TEMP2                               
GSMUSER                                                                                                                          USERS                          UBD_TEMP2                               
SYSRAC                                                                                                                           USERS                          UBD_TEMP2                               
GSMROOTUSER                                                                                                                      USERS                          UBD_TEMP2                               
SI_INFORMTN_SCHEMA                                                                                                               USERS                          UBD_TEMP2                               
AUDSYS                                                                                                                           USERS                          UBD_TEMP2                               
DIP                                                                                                                              USERS                          UBD_TEMP2                               
ORDPLUGINS                                                                                                                       USERS                          UBD_TEMP2                               
SYSKM                                                                                                                            USERS                          UBD_TEMP2                               
ORDDATA                                                                                                                          USERS                          UBD_TEMP2                               
ORACLE_OCM                                                                                                                       USERS                          UBD_TEMP2                               
SYSDG                                                                                                                            USERS                          UBD_TEMP2                               
ORDSYS                                                                                                                           USERS                          UBD_TEMP2                               

38 rows selected.

SQL> select username, default_tablespace, temporary_tablespace, permanent_tablespace from dba_users;
select username, default_tablespace, temporary_tablespace, permanent_tablespace from dba_users
                                                           *
ERROR at line 1:
ORA-00904: "PERMANENT_TABLESPACE": invalid identifier 


SQL> select username, default_tablespace, temporary_tablespace, permanent_tablespace from dba_users;
select username, default_tablespace, temporary_tablespace, permanent_tablespace from dba_users
                                                           *
ERROR at line 1:
ORA-00904: "PERMANENT_TABLESPACE": invalid identifier 


SQL> desc dba_users
 Name                                                                                                              Null?    Type
 ----------------------------------------------------------------------------------------------------------------- -------- ----------------------------------------------------------------------------
 USERNAME                                                                                                          NOT NULL VARCHAR2(128)
 USER_ID                                                                                                           NOT NULL NUMBER
 PASSWORD                                                                                                                   VARCHAR2(4000)
 ACCOUNT_STATUS                                                                                                    NOT NULL VARCHAR2(32)
 LOCK_DATE                                                                                                                  DATE
 EXPIRY_DATE                                                                                                                DATE
 DEFAULT_TABLESPACE                                                                                                NOT NULL VARCHAR2(30)
 TEMPORARY_TABLESPACE                                                                                              NOT NULL VARCHAR2(30)
 LOCAL_TEMP_TABLESPACE                                                                                                      VARCHAR2(30)
 CREATED                                                                                                           NOT NULL DATE
 PROFILE                                                                                                           NOT NULL VARCHAR2(128)
 INITIAL_RSRC_CONSUMER_GROUP                                                                                                VARCHAR2(128)
 EXTERNAL_NAME                                                                                                              VARCHAR2(4000)
 PASSWORD_VERSIONS                                                                                                          VARCHAR2(17)
 EDITIONS_ENABLED                                                                                                           VARCHAR2(1)
 AUTHENTICATION_TYPE                                                                                                        VARCHAR2(8)
 PROXY_ONLY_CONNECT                                                                                                         VARCHAR2(1)
 COMMON                                                                                                                     VARCHAR2(3)
 LAST_LOGIN                                                                                                                 TIMESTAMP(9) WITH TIME ZONE
 ORACLE_MAINTAINED                                                                                                          VARCHAR2(1)
 INHERITED                                                                                                                  VARCHAR2(3)
 DEFAULT_COLLATION                                                                                                          VARCHAR2(100)
 IMPLICIT                                                                                                                   VARCHAR2(3)
 ALL_SHARD                                                                                                                  VARCHAR2(3)
 PASSWORD_CHANGE_DATE                                                                                                       DATE

SQL> select * from dba_tablespaces;

TABLESPACE_NAME                BLOCK_SIZE INITIAL_EXTENT NEXT_EXTENT MIN_EXTENTS MAX_EXTENTS   MAX_SIZE PCT_INCREASE MIN_EXTLEN STATUS    CONTENTS              LOGGING   FOR EXTENT_MAN ALLOCATIO PLU  
------------------------------ ---------- -------------- ----------- ----------- ----------- ---------- ------------ ---------- --------- --------------------- --------- --- ---------- --------- ---  
SEGMEN DEF_TAB_ RETENTION   BIG PREDICA ENC COMPRESS_FOR                   DEF_INME DEF_INME DEF_INMEMORY_DI DEF_INMEMORY_COMP DEF_INMEMORY_ SHARED        DEF_INDE INDEX_COMPRES DEF_CELLMEMORY        
------ -------- ----------- --- ------- --- ------------------------------ -------- -------- --------------- ----------------- ------------- ------------- -------- ------------- --------------        
DEF_INMEMORY                                                                                                                                                                                            
------------                                                                                                                                                                                            
DEF_INMEMORY_SERVICE_NAME                                                                                                                                                                               
--------------------------------------------------------------------------------------------------------------------------------------------------------------------------------------------------------
LOST_WR C                                                                                                                                                                                               
------- -                                                                                                                                                                                               
SYSTEM                               8192          65536                       1  2147483645 2147483645                   65536 ONLINE    PERMANENT             LOGGING   YES LOCAL      SYSTEM    NO   
MANUAL DISABLED NOT APPLY   NO  HOST    NO                                 DISABLED                                                          SHARED        DISABLED                                     
                                                                                                                                                                                                        
                                                                                                                                                                                                        
OFF     N                                                                                                                                                                                               
                                                                                                                                                                                                        
SYSAUX                               8192          65536                       1  2147483645 2147483645                   65536 ONLINE    PERMANENT             LOGGING   YES LOCAL      SYSTEM    NO   
AUTO   DISABLED NOT APPLY   NO  HOST    NO                                 DISABLED                                                          SHARED        DISABLED                                     
                                                                                                                                                                                                        
                                                                                                                                                                                                        
OFF     N                                                                                                                                                                                               
                                                                                                                                                                                                        
UNDOTBS1                             8192          65536                       1  2147483645 2147483645                   65536 ONLINE    UNDO                  LOGGING   NO  LOCAL      SYSTEM    NO   
MANUAL DISABLED NOGUARANTEE NO  HOST    NO                                 DISABLED                                                          SHARED        DISABLED                                     
                                                                                                                                                                                                        
                                                                                                                                                                                                        
OFF     N                                                                                                                                                                                               
                                                                                                                                                                                                        
TEMP                                 8192        1048576     1048576           1             2147483645            0    1048576 ONLINE    TEMPORARY             NOLOGGING NO  LOCAL      UNIFORM   NO   
MANUAL DISABLED NOT APPLY   NO  HOST    NO                                 DISABLED                                                          SHARED        DISABLED                                     
                                                                                                                                                                                                        
                                                                                                                                                                                                        
OFF     N                                                                                                                                                                                               
                                                                                                                                                                                                        
USERS                                8192          65536                       1  2147483645 2147483645                   65536 ONLINE    PERMANENT             LOGGING   NO  LOCAL      SYSTEM    NO   
AUTO   DISABLED NOT APPLY   NO  HOST    NO                                 DISABLED                                                          SHARED        DISABLED                                     
                                                                                                                                                                                                        
                                                                                                                                                                                                        
OFF     N                                                                                                                                                                                               
                                                                                                                                                                                                        
BD_DATA                              8192          65536                       1  2147483645 2147483645                   65536 ONLINE    PERMANENT             LOGGING   NO  LOCAL      SYSTEM    NO   
AUTO   DISABLED NOT APPLY   NO  HOST    NO                                 DISABLED                                                          SHARED        DISABLED                                     
                                                                                                                                                                                                        
                                                                                                                                                                                                        
OFF     N                                                                                                                                                                                               
                                                                                                                                                                                                        
BD_TEMP                              8192        1048576     1048576           1             2147483645            0    1048576 ONLINE    TEMPORARY             NOLOGGING NO  LOCAL      UNIFORM   NO   
MANUAL DISABLED NOT APPLY   NO  HOST    NO                                 DISABLED                                                          SHARED        DISABLED                                     
                                                                                                                                                                                                        
                                                                                                                                                                                                        
OFF     N                                                                                                                                                                                               
                                                                                                                                                                                                        
UBD_DATA2                            8192          65536                       1  2147483645 2147483645                   65536 ONLINE    PERMANENT             LOGGING   NO  LOCAL      SYSTEM    NO   
AUTO   DISABLED NOT APPLY   NO  HOST    NO                                 DISABLED                                                          SHARED        DISABLED                                     
                                                                                                                                                                                                        
                                                                                                                                                                                                        
OFF     N                                                                                                                                                                                               
                                                                                                                                                                                                        
UBD_TEMP2                            8192        2097152     2097152           1             2147483645            0    2097152 ONLINE    TEMPORARY             NOLOGGING NO  LOCAL      UNIFORM   NO   
MANUAL DISABLED NOT APPLY   NO  HOST    NO                                 DISABLED                                                          SHARED        DISABLED                                     
                                                                                                                                                                                                        
                                                                                                                                                                                                        
OFF     N                                                                                                                                                                                               
                                                                                                                                                                                                        
UBD_UNDO1                            8192          65536                       1  2147483645 2147483645                   65536 ONLINE    UNDO                  LOGGING   NO  LOCAL      SYSTEM    NO   
MANUAL DISABLED NOGUARANTEE NO  HOST    NO                                 DISABLED                                                          SHARED        DISABLED                                     
                                                                                                                                                                                                        
                                                                                                                                                                                                        
OFF     N                                                                                                                                                                                               
                                                                                                                                                                                                        

10 rows selected.

SQL> desc dba_tablespaces;
 Name                                                                                                              Null?    Type
 ----------------------------------------------------------------------------------------------------------------- -------- ----------------------------------------------------------------------------
 TABLESPACE_NAME                                                                                                   NOT NULL VARCHAR2(30)
 BLOCK_SIZE                                                                                                        NOT NULL NUMBER
 INITIAL_EXTENT                                                                                                             NUMBER
 NEXT_EXTENT                                                                                                                NUMBER
 MIN_EXTENTS                                                                                                       NOT NULL NUMBER
 MAX_EXTENTS                                                                                                                NUMBER
 MAX_SIZE                                                                                                                   NUMBER
 PCT_INCREASE                                                                                                               NUMBER
 MIN_EXTLEN                                                                                                                 NUMBER
 STATUS                                                                                                                     VARCHAR2(9)
 CONTENTS                                                                                                                   VARCHAR2(21)
 LOGGING                                                                                                                    VARCHAR2(9)
 FORCE_LOGGING                                                                                                              VARCHAR2(3)
 EXTENT_MANAGEMENT                                                                                                          VARCHAR2(10)
 ALLOCATION_TYPE                                                                                                            VARCHAR2(9)
 PLUGGED_IN                                                                                                                 VARCHAR2(3)
 SEGMENT_SPACE_MANAGEMENT                                                                                                   VARCHAR2(6)
 DEF_TAB_COMPRESSION                                                                                                        VARCHAR2(8)
 RETENTION                                                                                                                  VARCHAR2(11)
 BIGFILE                                                                                                                    VARCHAR2(3)
 PREDICATE_EVALUATION                                                                                                       VARCHAR2(7)
 ENCRYPTED                                                                                                                  VARCHAR2(3)
 COMPRESS_FOR                                                                                                               VARCHAR2(30)
 DEF_INMEMORY                                                                                                               VARCHAR2(8)
 DEF_INMEMORY_PRIORITY                                                                                                      VARCHAR2(8)
 DEF_INMEMORY_DISTRIBUTE                                                                                                    VARCHAR2(15)
 DEF_INMEMORY_COMPRESSION                                                                                                   VARCHAR2(17)
 DEF_INMEMORY_DUPLICATE                                                                                                     VARCHAR2(13)
 SHARED                                                                                                                     VARCHAR2(13)
 DEF_INDEX_COMPRESSION                                                                                                      VARCHAR2(8)
 INDEX_COMPRESS_FOR                                                                                                         VARCHAR2(13)
 DEF_CELLMEMORY                                                                                                             VARCHAR2(14)
 DEF_INMEMORY_SERVICE                                                                                                       VARCHAR2(12)
 DEF_INMEMORY_SERVICE_NAME                                                                                                  VARCHAR2(1000)
 LOST_WRITE_PROTECT                                                                                                         VARCHAR2(7)
 CHUNK_TABLESPACE                                                                                                           VARCHAR2(1)

SQL> select username, default_tablespace, temporary_tablespace from dba_users where username = 'abd1';

no rows selected

SQL> select username, default_tablespace, temporary_tablespace from dba_users;

USERNAME                                                                                                                         DEFAULT_TABLESPACE             TEMPORARY_TABLESPACE                    
-------------------------------------------------------------------------------------------------------------------------------- ------------------------------ ------------------------------          
ABD2                                                                                                                             BD_DATA                        BD_TEMP                                 
ABD1                                                                                                                             BD_DATA                        BD_TEMP                                 
SYS                                                                                                                              SYSTEM                         UBD_TEMP2                               
SYSTEM                                                                                                                           SYSTEM                         UBD_TEMP2                               
XS$NULL                                                                                                                          SYSTEM                         UBD_TEMP2                               
OJVMSYS                                                                                                                          SYSTEM                         UBD_TEMP2                               
LBACSYS                                                                                                                          SYSTEM                         UBD_TEMP2                               
OUTLN                                                                                                                            SYSTEM                         UBD_TEMP2                               
SYS$UMF                                                                                                                          SYSTEM                         UBD_TEMP2                               
DBSNMP                                                                                                                           SYSAUX                         UBD_TEMP2                               
APPQOSSYS                                                                                                                        SYSAUX                         UBD_TEMP2                               
DBSFWUSER                                                                                                                        SYSAUX                         UBD_TEMP2                               
GGSYS                                                                                                                            SYSAUX                         UBD_TEMP2                               
ANONYMOUS                                                                                                                        SYSAUX                         UBD_TEMP2                               
CTXSYS                                                                                                                           SYSAUX                         UBD_TEMP2                               
DVSYS                                                                                                                            SYSAUX                         UBD_TEMP2                               
DVF                                                                                                                              SYSAUX                         UBD_TEMP2                               
GSMADMIN_INTERNAL                                                                                                                SYSAUX                         UBD_TEMP2                               
MDSYS                                                                                                                            SYSAUX                         UBD_TEMP2                               
OLAPSYS                                                                                                                          SYSAUX                         UBD_TEMP2                               
XDB                                                                                                                              SYSAUX                         UBD_TEMP2                               
WMSYS                                                                                                                            SYSAUX                         UBD_TEMP2                               
GSMCATUSER                                                                                                                       USERS                          UBD_TEMP2                               
MDDATA                                                                                                                           USERS                          UBD_TEMP2                               
SYSBACKUP                                                                                                                        USERS                          UBD_TEMP2                               
REMOTE_SCHEDULER_AGENT                                                                                                           USERS                          UBD_TEMP2                               
GSMUSER                                                                                                                          USERS                          UBD_TEMP2                               
SYSRAC                                                                                                                           USERS                          UBD_TEMP2                               
GSMROOTUSER                                                                                                                      USERS                          UBD_TEMP2                               
SI_INFORMTN_SCHEMA                                                                                                               USERS                          UBD_TEMP2                               
AUDSYS                                                                                                                           USERS                          UBD_TEMP2                               
DIP                                                                                                                              USERS                          UBD_TEMP2                               
ORDPLUGINS                                                                                                                       USERS                          UBD_TEMP2                               
SYSKM                                                                                                                            USERS                          UBD_TEMP2                               
ORDDATA                                                                                                                          USERS                          UBD_TEMP2                               
ORACLE_OCM                                                                                                                       USERS                          UBD_TEMP2                               
SYSDG                                                                                                                            USERS                          UBD_TEMP2                               
ORDSYS                                                                                                                           USERS                          UBD_TEMP2                               

38 rows selected.

SQL> select username, default_tablespace, temporary_tablespace from dba_users where username = 'ABD1';

USERNAME                                                                                                                         DEFAULT_TABLESPACE             TEMPORARY_TABLESPACE                    
-------------------------------------------------------------------------------------------------------------------------------- ------------------------------ ------------------------------          
ABD1                                                                                                                             BD_DATA                        BD_TEMP                                 

SQL> select tablespace_name,contents, status from dba_tablespaces;

TABLESPACE_NAME                CONTENTS              STATUS                                                                                                                                             
------------------------------ --------------------- ---------                                                                                                                                          
SYSTEM                         PERMANENT             ONLINE                                                                                                                                             
SYSAUX                         PERMANENT             ONLINE                                                                                                                                             
UNDOTBS1                       UNDO                  ONLINE                                                                                                                                             
TEMP                           TEMPORARY             ONLINE                                                                                                                                             
USERS                          PERMANENT             ONLINE                                                                                                                                             
BD_DATA                        PERMANENT             ONLINE                                                                                                                                             
BD_TEMP                        TEMPORARY             ONLINE                                                                                                                                             
UBD_DATA2                      PERMANENT             ONLINE                                                                                                                                             
UBD_TEMP2                      TEMPORARY             ONLINE                                                                                                                                             
UBD_UNDO1                      UNDO                  ONLINE                                                                                                                                             

10 rows selected.

SQL> select a.tablesace_name, a.contents, a.status, b.file_name
  2      from dba_tablespaces a, dba_data_files b
  3      where a.tablesace_name = b.tablesace_name;
    where a.tablesace_name = b.tablesace_name
                             *
ERROR at line 3:
ORA-00904: "B"."TABLESACE_NAME": invalid identifier 


SQL> select a.tablesace_name, a.contents, a.status, b.file_name
  2      from dba_tablespaces a, dba_data_files b
  3      where a.tablespace_name = b.tablespace_name;
select a.tablesace_name, a.contents, a.status, b.file_name
       *
ERROR at line 1:
ORA-00904: "A"."TABLESACE_NAME": invalid identifier 


SQL> select a.tablespace_name, a.contents, a.status, b.file_name
  2      from dba_tablespaces a, dba_data_files b
  3      where a.tablespace_name = b.tablespace_name;

TABLESPACE_NAME                CONTENTS              STATUS    FILE_NAME                                                                                                                                
------------------------------ --------------------- --------- ------------------------------                                                                                                           
SYSTEM                         PERMANENT             ONLINE    D:\ORACLE_19C\ORADATA\ORCL\DAT                                                                                                           
                                                               AFILE\O1_MF_SYSTEM_JPZCZQM5_.D                                                                                                           
                                                               BF                                                                                                                                       
                                                                                                                                                                                                        
SYSAUX                         PERMANENT             ONLINE    D:\ORACLE_19C\ORADATA\ORCL\DAT                                                                                                           
                                                               AFILE\O1_MF_SYSAUX_JPZD0JWH_.D                                                                                                           
                                                               BF                                                                                                                                       
                                                                                                                                                                                                        
UNDOTBS1                       UNDO                  ONLINE    D:\ORACLE_19C\ORADATA\ORCL\DAT                                                                                                           
                                                               AFILE\O1_MF_UNDOTBS1_JPZD104W_                                                                                                           
                                                               .DBF                                                                                                                                     
                                                                                                                                                                                                        
USERS                          PERMANENT             ONLINE    D:\ORACLE_19C\ORADATA\ORCL\DAT                                                                                                           
                                                               AFILE\O1_MF_USERS_JPZD11DB_.DB                                                                                                           
                                                               F                                                                                                                                        
                                                                                                                                                                                                        
BD_DATA                        PERMANENT             ONLINE    D:\ORACLE_19C\ORADATA\BD_DATA.                                                                                                           
                                                               DBF                                                                                                                                      
                                                                                                                                                                                                        
UBD_DATA2                      PERMANENT             ONLINE    D:\UBD_DATA2.DBF                                                                                                                         
UBD_UNDO1                      UNDO                  ONLINE    D:\UBD_UNDO1.DBF                                                                                                                         

7 rows selected.

SQL> 
SQL> select a.tablespace_name, a.contents, a.status, b.file_name
  2      from dba_tablespaces a, dba_data_files b
  3      where a.tablespace_name = b.tablespace_name AND a.tablesace_name=(select default_tablespace from user_users);
    where a.tablespace_name = b.tablespace_name AND a.tablesace_name=(select default_tablespace from user_users)
                                                    *
ERROR at line 3:
ORA-00904: "A"."TABLESACE_NAME": invalid identifier 


SQL> 
SQL> select a.tablespace_name, a.contents, a.status, b.file_name
  2      from dba_tablespaces a, dba_data_files b
  3      where a.tablespace_name = b.tablespace_name AND a.tablespace_name=(select default_tablespace from user_users);

TABLESPACE_NAME                CONTENTS              STATUS    FILE_NAME                                                                                                                                
------------------------------ --------------------- --------- ------------------------------                                                                                                           
BD_DATA                        PERMANENT             ONLINE    D:\ORACLE_19C\ORADATA\BD_DATA.                                                                                                           
                                                               DBF                                                                                                                                      
                                                                                                                                                                                                        

SQL> SELECT PROPERTY_VALUE
  2  FROM DATABASE_PROPERTIES
  3  WHERE PROPERTY_NAME = 'DEFAULT_PERMANENT_TABLESPACE' OR 'DEFAULT_TEMP_TABLESPACE';
WHERE PROPERTY_NAME = 'DEFAULT_PERMANENT_TABLESPACE' OR 'DEFAULT_TEMP_TABLESPACE'
                                                                                *
ERROR at line 3:
ORA-00920: invalid relational operator 


SQL> SELECT PROPERTY_VALUE
  2  FROM DATABASE_PROPERTIES
  3  WHERE PROPERTY_NAME = 'DEFAULT_PERMANENT_TABLESPACE' OR PROPERTY_NAME = 'DEFAULT_TEMP_TABLESPACE';

PROPERTY_VALUE                                                                                                                                                                                          
------------------------------                                                                                                                                                                          
USERS                                                                                                                                                                                                   
UBD_TEMP2                                                                                                                                                                                               

SQL> 
SQL> 
SQL> 
SQL> -- 1) care sunt tablespace-urile asignate userului curent
SQL> select username, default_tablespace, temporary_tablespace from dba_users where username = 'ABD1';

USERNAME                                                                                                                         DEFAULT_TABLESPACE             TEMPORARY_TABLESPACE                    
-------------------------------------------------------------------------------------------------------------------------------- ------------------------------ ------------------------------          
ABD1                                                                                                                             BD_DATA                        BD_TEMP                                 

SQL> -- 2) sa se creeze un tablesace temporar UBD_TEMP, Sa se mai adauge un nou fisier de date cu dim. de 2M
SQL> -- la acest tablespace si apoi sa se verifice in dictionar daca a fost asignat
SQL> 
SQL> create temporary tablespace ubd_temp3 tempfile 'd:\ubd_temp3.dbf' size 2m extent management local uniform size 2M;
create temporary tablespace ubd_temp3 tempfile 'd:\ubd_temp3.dbf' size 2m extent management local uniform size 2M
*
ERROR at line 1:
ORA-03214: File Size specified is smaller than minimum required 


SQL> alter tablespace ubd_temp3 add tempfile 'd:\ubd_data12.dbf' size 2M;
alter tablespace ubd_temp3 add tempfile 'd:\ubd_data12.dbf' size 2M
*
ERROR at line 1:
ORA-00959: tablespace 'UBD_TEMP3' does not exist 


SQL> -- 2) sa se creeze un tablesace temporar UBD_TEMP, Sa se mai adauge un nou fisier de date cu dim. de 2M
SQL> -- la acest tablespace si apoi sa se verifice in dictionar daca a fost asignat
SQL> create temporary tablespace ubd_temp3 tempfile 'd:\ubd_temp3.dbf' size 2M extent management local uniform size 2M;
create temporary tablespace ubd_temp3 tempfile 'd:\ubd_temp3.dbf' size 2M extent management local uniform size 2M
*
ERROR at line 1:
ORA-03214: File Size specified is smaller than minimum required 


SQL> create temporary tablespace ubd_temp3 tempfile 'd:\ubd_temp3.dbf' size 10M extent management local uniform size 10M;
create temporary tablespace ubd_temp3 tempfile 'd:\ubd_temp3.dbf' size 10M extent management local uniform size 10M
*
ERROR at line 1:
ORA-03214: File Size specified is smaller than minimum required 


SQL> 
SQL> 
SQL> 
SQL> create temporary tablespace ubd_temp4 tempfile 'd:\ubd_temp4.dbf' size 10M extent management local uniform size 10M;
create temporary tablespace ubd_temp4 tempfile 'd:\ubd_temp4.dbf' size 10M extent management local uniform size 10M
*
ERROR at line 1:
ORA-03214: File Size specified is smaller than minimum required 


SQL> create temporary tablespace ubd_temp4 tempfile 'd:\ubd_temp4.dbf' size 30M extent management local uniform size 30M;
create temporary tablespace ubd_temp4 tempfile 'd:\ubd_temp4.dbf' size 30M extent management local uniform size 30M
*
ERROR at line 1:
ORA-03214: File Size specified is smaller than minimum required 


SQL> create temporary tablespace ubd_temp4 tempfile 'd:\ubd_temp4.dbf' size 100M extent management local uniform size 100M;
create temporary tablespace ubd_temp4 tempfile 'd:\ubd_temp4.dbf' size 100M extent management local uniform size 100M
*
ERROR at line 1:
ORA-03214: File Size specified is smaller than minimum required 


SQL> create temporary tablespace ubd_temp4 tempfile 'd:\ubd_temp4.dbf' size 10M extent management local uniform size 2M;

Tablespace created.

SQL> alter tablespace ubd_temp4 add tempfile 'd:\ubd_data12.dbf' size 10M;

Tablespace altered.

SQL> -- 3) sa se arate din dictionar numele tablespace-urilor permanente si temporare setate ca DEFAULT
SQL> -- in baza de date curenta
SQL> SELECT PROPERTY_VALUE
  2  FROM DATABASE_PROPERTIES
  3  WHERE PROPERTY_NAME = 'DEFAULT_PERMANENT_TABLESPACE' OR PROPERTY_NAME = 'DEFAULT_TEMP_TABLESPACE';

PROPERTY_VALUE                                                                                                                                                                                          
------------------------------                                                                                                                                                                          
USERS                                                                                                                                                                                                   
UBD_TEMP2                                                                                                                                                                                               

SQL> 
SQL> select * from v$tempfile;

     FILE# CREATION_CHANGE# CREATION_        TS#     RFILE# STATUS  ENABLED         BYTES     BLOCKS CREATE_BYTES BLOCK_SIZE NAME                               CON_ID                                  
---------- ---------------- --------- ---------- ---------- ------- ---------- ---------- ---------- ------------ ---------- ------------------------------ ----------                                  
##########          1929012 20-OCT-21          3          1 ONLINE  READ WRITE  137363456      16768     20971520       8192 D:\ORACLE_19C\ORADATA\ORCL\DAT          0                                  
                                                                                                                             AFILE\O1_MF_TEMP_JPZD6RT7_.TMP                                             
                                                                                                                                                                                                        
##########          1954250 20-OCT-21          7          1 ONLINE  READ WRITE   10485760       1280     10485760       8192 D:\ORACLE_19C\ORADATA\BD_TEMP.          0                                  
                                                                                                                             DBF                                                                        
                                                                                                                                                                                                        
##########          4179154 10-NOV-21         13          1 ONLINE  READ WRITE   10485760       1280     10485760       8192 D:\UBD_TEMP4.DBF                        0                                  
##########          4179214 10-NOV-21         13          2 ONLINE  READ WRITE   10485760       1280     10485760       8192 D:\UBD_DATA12.DBF                       0                                  

SQL> update login_lab_ubd set data_sf= sysdate where laborator='Lab6';

1 row updated.

SQL> update login_lab_ubd set durata= round((data_sf-data_in)*24*60) where laborator='Lab6';

1 row updated.

SQL> commit;

Commit complete.

SQL> select instance_number,instance_name, to_char(startup_time, 'dd-mm-yyyy hh:mi:ss'), host_name from v$instance;

INSTANCE_NUMBER INSTANCE_NAME    TO_CHAR(STARTUP_TIM HOST_NAME                                                                                                                                          
--------------- ---------------- ------------------- ----------------------------------------------------------------                                                                                   
              1 orcl             10-11-2021 08:37:06 DESKTOP-04HOUK7                                                                                                                                    

SQL> select nume_stud, grupa, laborator, to_char(data_in, 'dd-mm-yyyy hh:mi:ss') data_inceput,
  2  to_char(data_sf, 'dd-mm-yyyy hh:mi:ss') data_sfarsit, durata minute_lucrate from login_lab_ubd;

NUME_STUD                      GRUPA      LABORATOR  DATA_INCEPUT        DATA_SFARSIT        MINUTE_LUCRATE                                                                                             
------------------------------ ---------- ---------- ------------------- ------------------- --------------                                                                                             
Filimon Adrian                 342C2      Lab5       03-11-2021 10:08:31 03-11-2021 11:40:32             92                                                                                             
Filimon Adrian                 342C2      Lab6       10-11-2021 08:41:22 10-11-2021 09:52:41             71                                                                                             
Filimon Adrian                 342C2      Lab4       27-10-2021 07:24:44 27-10-2021 08:34:24             70                                                                                             
Filimon Adrian                 342C2      Lab3       20-10-2021 10:14:01                                                                                                                                

SQL> 
SQL> spool off;
